// Jest Snapshot v1, https://goo.gl/fbAQLP

exports[`branches create test 1`] = `
"branch
┌────┬─────────────┬──────────────────────────┐
│ Id │ Name        │ Created At               │
├────┼─────────────┼──────────────────────────┤
│ 1  │ test_branch │ 2021-01-01T00:00:00.000Z │
└────┴─────────────┴──────────────────────────┘
"
`;

exports[`branches delete test 1`] = `
"┌────┬─────────────┬──────────────────────────┐
│ Id │ Name        │ Created At               │
├────┼─────────────┼──────────────────────────┤
│ 1  │ test_branch │ 2021-01-01T00:00:00.000Z │
└────┴─────────────┴──────────────────────────┘
"
`;

exports[`branches get test 1`] = `
"┌────────────────┬──────────────────┬──────────────────────┐
│ Id             │ Name             │ Created At           │
├────────────────┼──────────────────┼──────────────────────┤
│ test_branch_id │ test_branch_name │ 2019-01-01T00:00:00Z │
└────────────────┴──────────────────┴──────────────────────┘
"
`;

exports[`branches list test 1`] = `
"┌────┬──────┬──────────────────────────┐
│ Id │ Name │ Created At               │
├────┼──────┼──────────────────────────┤
│ 1  │ main │ 2021-01-01T00:00:00.000Z │
└────┴──────┴──────────────────────────┘
"
`;

exports[`branches update test 1`] = `
"┌────────────────┬─────────────────┬──────────────────────────┐
│ Id             │ Name            │ Created At               │
├────────────────┼─────────────────┼──────────────────────────┤
│ test_branch_id │ new_test_branch │ 2021-01-01T00:00:00.000Z │
└────────────────┴─────────────────┴──────────────────────────┘
"
`;
