// Jest Snapshot v1, https://goo.gl/fbAQLP

exports[`set_context should set the context get branch id overrides context set branch test 1`] = `
"name: test_branch
id: br-sunny-branch-123456
primary: true
parent_id: br-parent-branch-123456
created_at: 2019-01-01T00:00:00Z
updated_at: 2019-01-01T00:00:00Z
"
`;

exports[`set_context should set the context list branches selecting project from the context test 1`] = `
"- id: br-main-branch-123456
  name: main
  primary: true
  created_at: 2021-01-01T00:00:00.000Z
  updated_at: 2021-01-01T00:00:00.000Z
- id: br-sunny-branch-123456
  name: test_branch
  parent_id: br-parent-branch-123456
  created_at: 2021-01-01T00:00:00.000Z
  updated_at: 2021-01-01T00:00:00.000Z
- id: br-numbered-branch-123456
  name: "123"
  parent_id: br-parent-branch-123456
  created_at: 2021-01-01T00:00:00.000Z
  updated_at: 2021-01-01T00:00:00.000Z
"
`;
