// Vitest Snapshot v1, https://vitest.dev/guide/snapshot.html

exports[`connection_string > connection_string 1`] = `
"postgresql://test_role:test_pwd@ep-cool-king-930914.us-east-2.aws.neon.tech/test_db?sslmode=require
"
`;

exports[`connection_string > connection_string branch id 1`] = `
"postgresql://test_role:test_pwd@ep-cool-king-930914.us-east-2.aws.neon.tech/test_db?sslmode=require
"
`;

exports[`connection_string > connection_string branch id 8 digits 1`] = `
"postgresql://test_role:test_pwd@ep-lame-king-930914.us-east-2.aws.neon.tech/test_db?sslmode=require
"
`;

exports[`connection_string > connection_string fails for non-existing database 1`] = `""`;

exports[`connection_string > connection_string pooled 1`] = `
"postgresql://test_role:test_pwd@ep-cool-king-930914-pooler.us-east-2.aws.neon.tech/test_db?sslmode=require
"
`;

exports[`connection_string > connection_string prisma 1`] = `
"postgresql://test_role:test_pwd@ep-cool-king-930914.us-east-2.aws.neon.tech/test_db?connect_timeout=30&sslmode=require
"
`;

exports[`connection_string > connection_string prisma pooled 1`] = `
"postgresql://test_role:test_pwd@ep-cool-king-930914-pooler.us-east-2.aws.neon.tech/test_db?connect_timeout=30&pool_timeout=30&pgbouncer=true&sslmode=require
"
`;

exports[`connection_string > connection_string prisma pooled extended 1`] = `
"connection_string: postgresql://test_role:test_pwd@ep-cool-king-930914-pooler.us-east-2.aws.neon.tech/test_db?connect_timeout=30&pool_timeout=30&pgbouncer=true&sslmode=require
host: ep-cool-king-930914-pooler.us-east-2.aws.neon.tech
role: test_role
password: test_pwd
database: test_db
options: connect_timeout=30&pool_timeout=30&pgbouncer=true&sslmode=require
"
`;

exports[`connection_string > connection_string with lsn 1`] = `
"postgresql://test_role:test_pwd@br-sunny-branch-123456.us-east-2.aws.neon.tech/test_db?sslmode=require&options=neon_lsn%3A0%2F123456
"
`;

exports[`connection_string > connection_string with psql 1`] = `"{"psql-cli-args":["postgresql://test_role:test_pwd@ep-cool-king-930914.us-east-2.aws.neon.tech/test_db?sslmode=require"]}"`;

exports[`connection_string > connection_string with psql and psql args 1`] = `"{"psql-cli-args":["postgresql://test_role:test_pwd@ep-cool-king-930914.us-east-2.aws.neon.tech/test_db?sslmode=require","-c","SELECT 1"]}"`;

exports[`connection_string > connection_string with ssl verify full 1`] = `
"postgresql://test_role:test_pwd@ep-cool-king-930914.us-east-2.aws.neon.tech/test_db?sslmode=verify-full
"
`;

exports[`connection_string > connection_string with timestamp 1`] = `
"postgresql://test_role:test_pwd@br-sunny-branch-123456.us-east-2.aws.neon.tech/test_db?sslmode=require&options=neon_timestamp%3A2021-01-01T00%3A00%3A00Z
"
`;

exports[`connection_string > connection_string without any args should pass 1`] = `
"postgresql://test_role:password@undefined/db1?sslmode=require
"
`;

exports[`connection_string > connection_string without ssl 1`] = `
"postgresql://test_role:test_pwd@ep-cool-king-930914.us-east-2.aws.neon.tech/test_db
"
`;
