// Vitest Snapshot v1, https://vitest.dev/guide/snapshot.html

exports[`help > without args 1`] = `""`;
