// Vitest Snapshot v1, https://vitest.dev/guide/snapshot.html

exports[`orgs > list 1`] = `
"- name: Organization 1
  id: 1
- name: Organization 2
  id: 2
- name: Organization 3
  id: 3
"
`;
